[    0.000000] Initializing cgroup subsys cpuset
[    0.000000] Initializing cgroup subsys cpu
[    0.000000] Initializing cgroup subsys cpuacct
[    0.000000] Linux version 4.4.0-121-generic (buildd@lcy01-amd64-004) (gcc version 5.4.0 20160609 (Ubuntu 5.4.0-6ubuntu1~16.04.9) ) #145-Ubuntu SMP Fri Apr 13 13:47:23 UTC 2018 (Ubuntu 4.4.0-121.145-generic 4.4.117)
[    0.000000] Command line: BOOT_IMAGE=/boot/vmlinuz-4.4.0-121-generic root=UUID=76868d63-8c37-4f81-8dba-eb365f150e41 ro console=tty1 console=ttyS0
[    0.000000] KERNEL supported cpus:
[    0.000000]   Intel GenuineIntel
[    0.000000]   AMD AuthenticAMD
[    0.000000]   Centaur CentaurHauls
[    0.000000] ------------[ cut here ]------------
[    0.000000] WARNING: CPU: 0 PID: 0 at /build/linux-jUC7gW/linux-4.4.0/arch/x86/kernel/fpu/xstate.c:517 fpu__init_system_xstate+0x38b/0x75a()
[    0.000000] XSAVE consistency problem, dumping leaves
[    0.000000] Modules linked in:
[    0.000000] CPU: 0 PID: 0 Comm: swapper Not tainted 4.4.0-121-generic #145-Ubuntu
[    0.000000]  0000000000000086 31dbb7d042e3064e ffffffff81e03d80 ffffffff813ffc13
[    0.000000]  ffffffff81e03dc8 ffffffff81cac050 ffffffff81e03db8 ffffffff81083232
[    0.000000]  ffffffff81e03e48 ffffffff81e03e4c 0000000000000008 0000000000000100
[    0.000000] Call Trace:
[    0.000000]  [<ffffffff813ffc13>] dump_stack+0x63/0x90
[    0.000000]  [<ffffffff81083232>] warn_slowpath_common+0x82/0xc0
[    0.000000]  [<ffffffff810832cc>] warn_slowpath_fmt+0x5c/0x80
[    0.000000]  [<ffffffff8107eda8>] ? xfeature_size+0x59/0x77
[    0.000000]  [<ffffffff81f732e9>] fpu__init_system_xstate+0x38b/0x75a
[    0.000000]  [<ffffffff81f63120>] ? early_idt_handler_array+0x120/0x120
[    0.000000]  [<ffffffff81f72c54>] fpu__init_system+0x10b/0x243
[    0.000000]  [<ffffffff81f73e1f>] early_cpu_init+0x178/0x17d
[    0.000000]  [<ffffffff81f73e1f>] ? early_cpu_init+0x178/0x17d
[    0.000000]  [<ffffffff81f6f1ae>] setup_arch+0xb4/0xd2b
[    0.000000]  [<ffffffff81f63120>] ? early_idt_handler_array+0x120/0x120
[    0.000000]  [<ffffffff81f63c7b>] start_kernel+0xe2/0x4aa
[   0.000000]  [<ffffffff81f63120>] ? early_idt_handler_array+0x120/0x120
[    0.000000]  [<ffffffff81f63339>] x86_64_start_reservations+0x2a/0x2c
[    0.000000]  [<ffffffff81f63485>] x86_64_start_kernel+0x14a/0x16d
[    0.000000] ---[ end trace 4d5ff9f2f68c4233 ]---
[    0.000000] CPUID[0d, 00]: eax=00000007 ebx=00000440 ecx=00000440 edx=00000000
[    0.000000] CPUID[0d, 01]: eax=00000000 ebx=000003c0 ecx=00000000 edx=00000000
[    0.000000] CPUID[0d, 02]: eax=00000100 ebx=00000240 ecx=00000000 edx=00000000
[    0.000000] CPUID[0d, 03]: eax=00000000 ebx=00000000 ecx=00000000 edx=00000000
[    0.000000] CPUID[0d, 04]: eax=00000000 ebx=00000000 ecx=00000000 edx=00000000
[    0.000000] CPUID[0d, 05]: eax=00000000 ebx=00000000 ecx=00000000 edx=00000000
[    0.000000] CPUID[0d, 06]: eax=00000000 ebx=00000000 ecx=00000000 edx=00000000
[    0.000000] CPUID[0d, 07]: eax=00000000 ebx=00000000 ecx=00000000 edx=00000000
[    0.000000] CPUID[0d, 08]: eax=00000000 ebx=00000000 ecx=00000000 edx=00000000
[    0.000000] CPUID[0d, 09]: eax=00000000 ebx=00000000 ecx=00000000 edx=00000000
[    0.000000] CPUID[0d, 0a]: eax=00000000 ebx=00000000 ecx=00000000 edx=00000000
[    0.000000] CPUID[0d, 0b]: eax=00000000 ebx=00000000 ecx=00000000 edx=00000000
[    0.000000] CPUID[0d, 0c]: eax=00000000 ebx=00000000 ecx=00000000 edx=00000000
[    0.000000] CPUID[0d, 0d]: eax=00000000 ebx=00000000 ecx=00000000 edx=00000000
[    0.000000] CPUID[0d, 0e]: eax=00000000 ebx=00000000 ecx=00000000 edx=00000000
[    0.000000] CPUID[0d, 0f]: eax=00000000 ebx=00000000 ecx=00000000 edx=00000000
[    0.000000] CPUID[0d, 10]: eax=00000000 ebx=00000000 ecx=00000000 edx=00000000
[    0.000000] CPUID[0d, 11]: eax=00000000 ebx=00000000 ecx=00000000 edx=00000000
[    0.000000] x86/fpu: xstate_offset[2]:  576, xstate_sizes[2]:  256
[    0.000000] x86/fpu: Supporting XSAVE feature 0x01: 'x87 floating point registers'
[    0.000000] x86/fpu: Supporting XSAVE feature 0x02: 'SSE registers'
[    0.000000] x86/fpu: Supporting XSAVE feature 0x04: 'AVX registers'
[    0.000000] x86/fpu: Enabled xstate features 0x7, context size is 1088 bytes, using 'standard' format.
[    0.000000] x86/fpu: Using 'lazy' FPU context switches.
[    0.000000] e820: BIOS-provided physical RAM map:
[    0.000000] BIOS-e820: [mem 0x0000000000000000-0x000000000009fbff] usable
[    0.000000] BIOS-e820: [mem 0x000000000009fc00-0x000000000009ffff] reserved
[    0.000000] BIOS-e820: [mem 0x00000000000f0000-0x00000000000fffff] reserved
[    0.000000] BIOS-e820: [mem 0x0000000000100000-0x000000003ffeffff] usable
[    0.000000] BIOS-e820: [mem 0x000000003fff0000-0x000000003fffffff] ACPI data
[    0.000000] BIOS-e820: [mem 0x00000000fec00000-0x00000000fec00fff] reserved
[    0.000000] BIOS-e820: [mem 0x00000000fee00000-0x00000000fee00fff] reserved
[    0.000000] BIOS-e820: [mem 0x00000000fffc0000-0x00000000ffffffff] reserved
[    0.000000] NX (Execute Disable) protection: active
[    0.000000] SMBIOS 2.5 present.
[    0.000000] Hypervisor detected: KVM
[    0.000000] e820: last_pfn = 0x3fff0 max_arch_pfn = 0x400000000
[    0.000000] MTRR: Disabled
[    0.000000] x86/PAT: MTRRs disabled, skipping PAT initialization too.
[    0.000000] CPU MTRRs all blank - virtualized system.
[    0.000000] x86/PAT: Configuration [0-7]: WB  WT  UC- UC  WB  WT  UC- UC  
[    0.000000] found SMP MP-table at [mem 0x0009fff0-0x0009ffff] mapped at [ffff88000009fff0]
[    0.000000] Scanning 1 areas for low memory corruption
[    0.000000] RAMDISK: [mem 0x361f0000-0x370effff]
[    0.000000] ACPI: Early table checksum verification disabled
[    0.000000] ACPI: RSDP 0x00000000000E0000 000024 (v02 VBOX  )
[    0.000000] ACPI: XSDT 0x000000003FFF0030 00003C (v01 VBOX   VBOXXSDT 00000001 ASL  00000061)
[    0.000000] ACPI: FACP 0x000000003FFF00F0 0000F4 (v04 VBOX   VBOXFACP 00000001 ASL  00000061)
[    0.000000] ACPI: DSDT 0x000000003FFF0470 0021FF (v02 VBOX   VBOXBIOS 00000002 INTL 20160108)
[    0.000000] ACPI: FACS 0x000000003FFF0200 000040
[    0.000000] ACPI: FACS 0x000000003FFF0200 000040
[    0.000000] ACPI: APIC 0x000000003FFF0240 00005C (v02 VBOX   VBOXAPIC 00000001 ASL  00000061)
[    0.000000] ACPI: SSDT 0x000000003FFF02A0 0001CC (v01 VBOX   VBOXCPUT 00000002 INTL 20160108)
[    0.000000] No NUMA configuration found
[    0.000000] Faking a node at [mem 0x0000000000000000-0x000000003ffeffff]
[    0.000000] NODE_DATA(0) allocated [mem 0x3ffeb000-0x3ffeffff]
[    0.000000] kvm-clock: Using msrs 4b564d01 and 4b564d00
[    0.000000] kvm-clock: cpu 0, msr 0:3ffe3001, primary cpu clock
[    0.000000] kvm-clock: using sched offset of 3490238347 cycles
[    0.000000] clocksource: kvm-clock: mask: 0xffffffffffffffff max_cycles: 0x1cd42e4dffb, max_idle_ns: 881590591483 ns
[    0.000000] Zone ranges:
[    0.000000]   DMA      [mem 0x0000000000001000-0x0000000000ffffff]
[    0.000000]   DMA32    [mem 0x0000000001000000-0x000000003ffeffff]
[    0.000000]   Normal   empty
[    0.000000]   Device   empty
[    0.000000] Movable zone start for each node
[    0.000000] Early memory node ranges
[    0.000000]   node   0: [mem 0x0000000000001000-0x000000000009efff]
[    0.000000]   node   0: [mem 0x0000000000100000-0x000000003ffeffff]
[    0.000000] Initmem setup node 0 [mem 0x0000000000001000-0x000000003ffeffff]
[    0.000000] ACPI: PM-Timer IO Port: 0x4008
[    0.000000] IOAPIC[0]: apic_id 2, version 32, address 0xfec00000, GSI 0-23
[    0.000000] ACPI: INT_SRC_OVR (bus 0 bus_irq 0 global_irq 2 dfl dfl)
[    0.000000] ACPI: INT_SRC_OVR (bus 0 bus_irq 9 global_irq 9 high level)
[    0.000000] Using ACPI (MADT) for SMP configuration information
[    0.000000] smpboot: Allowing 2 CPUs, 0 hotplug CPUs
[    0.000000] PM: Registered nosave memory: [mem 0x00000000-0x00000fff]
[    0.000000] PM: Registered nosave memory: [mem 0x0009f000-0x0009ffff]
[    0.000000] PM: Registered nosave memory: [mem 0x000a0000-0x000effff]
[    0.000000] PM: Registered nosave memory: [mem 0x000f0000-0x000fffff]
[    0.000000] e820: [mem 0x40000000-0xfebfffff] available for PCI devices
[    0.000000] Booting paravirtualized kernel on KVM
[    0.000000] clocksource: refined-jiffies: mask: 0xffffffff max_cycles: 0xffffffff, max_idle_ns: 7645519600211568 ns
[    0.000000] setup_percpu: NR_CPUS:512 nr_cpumask_bits:512 nr_cpu_ids:2 nr_node_ids:1
[    0.000000] PERCPU: Embedded 34 pages/cpu @ffff88003fc00000 s99544 r8192 d31528 u1048576
[    0.000000] PV qspinlock hash table entries: 256 (order: 0, 4096 bytes)
[    0.000000] Built 1 zonelists in Node order, mobility grouping on.  Total pages: 257912
[    0.000000] Policy zone: DMA32
[    0.000000] Kernel command line: BOOT_IMAGE=/boot/vmlinuz-4.4.0-121-generic root=UUID=76868d63-8c37-4f81-8dba-eb365f150e41 ro console=tty1 console=ttyS0
[    0.000000] PID hash table entries: 4096 (order: 3, 32768 bytes)
[    0.000000] Memory: 997164K/1048120K available (8532K kernel code, 1313K rwdata, 3996K rodata, 1508K init, 1316K bss, 50956K reserved, 0K cma-reserved)
[    0.000000] SLUB: HWalign=64, Order=0-3, MinObjects=0, CPUs=2, Nodes=1
[    0.000000] Kernel/User page tables isolation: enabled
[    0.000000] Hierarchical RCU implementation.
[    0.000000] 	Build-time adjustment of leaf fanout to 64.
[    0.000000] 	RCU restricting CPUs from NR_CPUS=512 to nr_cpu_ids=2.
[    0.000000] RCU: Adjusting geometry for rcu_fanout_leaf=64, nr_cpu_ids=2
[    0.000000] NR_IRQS:33024 nr_irqs:440 16
[    0.000000] Console: colour VGA+ 80x25
[    0.000000] console [tty1] enabled
[    0.000000] console [ttyS0] enabled
[    0.000000] tsc: Detected 3000.000 MHz processor
[    9.959732] Calibrating delay loop (skipped) preset value.. 6000.00 BogoMIPS (lpj=12000000)
[    9.960919] pid_max: default: 32768 minimum: 301
[    9.961588] ACPI: Core revision 20150930
[    9.962937] ACPI: 2 ACPI AML tables successfully acquired and loaded
[    9.982210] Security Framework initialized
[   10.098441] Yama: becoming mindful.
[   10.133201] AppArmor: AppArmor initialized
[   10.133889] Dentry cache hash table entries: 131072 (order: 8, 1048576 bytes)
[   10.135260] Inode-cache hash table entries: 65536 (order: 7, 524288 bytes)
[   10.142555] Mount-cache hash table entries: 2048 (order: 2, 16384 bytes)
[   10.143411] Mountpoint-cache hash table entries: 2048 (order: 2, 16384 bytes)
[   10.144486] Initializing cgroup subsys io
[   10.145153] Initializing cgroup subsys memory
[   10.158990] Initializing cgroup subsys devices
[   10.159654] Initializing cgroup subsys freezer
[   10.160273] Initializing cgroup subsys net_cls
[   10.160891] Initializing cgroup subsys perf_event
[   10.161599] Initializing cgroup subsys net_prio
[   10.162228] Initializing cgroup subsys hugetlb
[   10.162844] Initializing cgroup subsys pids
[   10.163529] CPU: Physical Processor ID: 0
[   10.212784] CPU: Processor Core ID: 0
[   10.213341] FEATURE SPEC_CTRL Not Present
[   10.214973] mce: CPU supports 0 MCE banks
[   10.215586] Last level iTLB entries: 4KB 128, 2MB 8, 4MB 8
[   10.234101] Last level dTLB entries: 4KB 64, 2MB 0, 4MB 0, 1GB 4
[   10.316478] Spectre V2 mitigation: Mitigation: Full generic retpoline
[   10.392688] Spectre V2 mitigation: Speculation control IBPB not-supported IBRS not-supported
[   10.393752] Spectre V2 mitigation: Filling RSB on context switch
[   10.410719] Freeing SMP alternatives memory: 32K
[   10.512819] ftrace: allocating 32202 entries in 126 pages
[   10.622166] smpboot: APIC(0) Converting physical 0 to logical package 0
[   10.710319] smpboot: Max logical packages: 1
[   10.742801] x2apic enabled
[   10.743488] Switched APIC routing to physical x2apic.
[   10.821838] ..TIMER: vector=0x30 apic1=0 pin1=2 apic2=-1 pin2=-1
[   11.066987] smpboot: CPU0: Intel(R) Core(TM) i5-7400 CPU @ 3.00GHz (family: 0x6, model: 0x9e, stepping: 0x9)
[   11.278098] Performance Events: unsupported p6 CPU model 158 no PMU driver, software events only.
[   11.279514] KVM setup paravirtual spinlock
[   11.280759] x86: Booting SMP configuration:
[   11.281358] .... node  #0, CPUs:      #1
[   11.282063] kvm-clock: cpu 1, msr 0:3ffe3041, secondary cpu clock
[   11.283866] mce: CPU supports 0 MCE banks
[   11.311085] x86: Booted up 1 node, 2 CPUs
[   11.325195] smpboot: Total of 2 processors activated (12000.00 BogoMIPS)
[   11.326449] devtmpfs: initialized
[   11.327950] evm: security.selinux
[   11.395270] evm: security.SMACK64
[   11.482477] evm: security.SMACK64EXEC
[   11.588013] evm: security.SMACK64TRANSMUTE
[   11.707202] evm: security.SMACK64MMAP
[   11.783548] evm: security.ima
[   11.863809] evm: security.capability
[   11.941363] clocksource: jiffies: mask: 0xffffffff max_cycles: 0xffffffff, max_idle_ns: 7645041785100000 ns
[   12.155222] futex hash table entries: 512 (order: 3, 32768 bytes)
[   12.335456] pinctrl core: initialized pinctrl subsystem
[   12.492692] RTC time:  8:25:01, date: 05/11/18
[   12.615113] NET: Registered protocol family 16
[   12.715288] cpuidle: using governor ladder
[   12.814899] cpuidle: using governor menu
[   12.923506] PCCT header not found.
[   13.014864] ACPI: bus type PCI registered
[   13.114120] acpiphp: ACPI Hot Plug PCI Controller Driver version: 0.5
[   13.282546] PCI: Using configuration type 1 for base access
[   13.451649] ACPI: Added _OSI(Module Device)
[   13.535379] ACPI: Added _OSI(Processor Device)
[   13.536009] ACPI: Added _OSI(3.0 _SCP Extensions)
[   13.536648] ACPI: Added _OSI(Processor Aggregator Device)
[   13.538006] ACPI: Executed 1 blocks of module-level executable AML code
[   13.549360] ACPI: Interpreter enabled
[   13.628311] ACPI: (supports S0 S5)
[   13.728080] ACPI: Using IOAPIC for interrupt routing
[   13.747697] PCI: Using host bridge windows from ACPI; if necessary, use "pci=nocrs" and report a bug
[   13.796146] ACPI: PCI Root Bridge [PCI0] (domain 0000 [bus 00-ff])
[   13.819244] acpi PNP0A03:00: _OSC: OS supports [ASPM ClockPM Segments MSI]
[   13.915458] acpi PNP0A03:00: _OSC: not requesting OS control; OS requires [ExtendedConfig ASPM ClockPM MSI]
[   13.950590] acpi PNP0A03:00: fail to add MMCONFIG information, can't access extended PCI configuration space under this bridge.
[   13.952302] PCI host bridge to bus 0000:00
[   13.952895] pci_bus 0000:00: root bus resource [io  0x0000-0x0cf7 window]
[   13.953780] pci_bus 0000:00: root bus resource [io  0x0d00-0xffff window]
[   13.965544] pci_bus 0000:00: root bus resource [mem 0x000a0000-0x000bffff window]
[   13.966807] pci_bus 0000:00: root bus resource [mem 0x40000000-0xffdfffff window]
[   13.968878] pci_bus 0000:00: root bus resource [bus 00-ff]
[   13.971884] pci 0000:00:01.1: legacy IDE quirk: reg 0x10: [io  0x01f0-0x01f7]
[   13.981431] pci 0000:00:01.1: legacy IDE quirk: reg 0x14: [io  0x03f6]
[   14.008938] pci 0000:00:01.1: legacy IDE quirk: reg 0x18: [io  0x0170-0x0177]
[   14.009818] pci 0000:00:01.1: legacy IDE quirk: reg 0x1c: [io  0x0376]
[   14.120633] pci 0000:00:07.0: quirk: [io  0x4000-0x403f] claimed by PIIX4 ACPI
[   14.193912] pci 0000:00:07.0: quirk: [io  0x4100-0x410f] claimed by PIIX4 SMB
[   14.205170] ACPI: PCI Interrupt Link [LNKA] (IRQs 5 9 10 *11)
[   14.309337] ACPI: PCI Interrupt Link [LNKB] (IRQs 5 9 10 *11)
[   14.324132] ACPI: PCI Interrupt Link [LNKC] (IRQs 5 9 *10 11)
[   14.376867] ACPI: PCI Interrupt Link [LNKD] (IRQs 5 *9 10 11)
[   14.395280] ACPI: Enabled 2 GPEs in block 00 to 07
[   14.475513] vgaarb: setting as boot device: PCI:0000:00:02.0
[   14.510654] vgaarb: device added: PCI:0000:00:02.0,decodes=io+mem,owns=io+mem,locks=none
[   14.511897] vgaarb: loaded
[   14.512353] vgaarb: bridge control possible 0000:00:02.0
[   14.513276] SCSI subsystem initialized
[   14.513987] ACPI: bus type USB registered
[   14.514589] usbcore: registered new interface driver usbfs
[   14.532686] usbcore: registered new interface driver hub
[   14.560831] usbcore: registered new device driver usb
[   14.563625] PCI: Using ACPI for IRQ routing
[   14.660320] NetLabel: Initializing
[   14.727006] NetLabel:  domain hash size = 128
[   14.727655] NetLabel:  protocols = UNLABELED CIPSOv4
[   14.730688] NetLabel:  unlabeled traffic allowed by default
[   14.731667] amd_nb: Cannot enumerate AMD northbridges
[   14.732406] clocksource: Switched to clocksource kvm-clock
[   14.739070] AppArmor: AppArmor Filesystem Enabled
[   14.873913] pnp: PnP ACPI init
[   14.949169] pnp: PnP ACPI: found 3 devices
[   15.016242] clocksource: acpi_pm: mask: 0xffffff max_cycles: 0xffffff, max_idle_ns: 2085701024 ns
[   15.109649] NET: Registered protocol family 2
[   15.110411] TCP established hash table entries: 8192 (order: 4, 65536 bytes)
[   15.300398] TCP bind hash table entries: 8192 (order: 5, 131072 bytes)
[   15.415467] TCP: Hash tables configured (established 8192 bind 8192)
[   15.416287] UDP hash table entries: 512 (order: 2, 16384 bytes)
[   15.417059] UDP-Lite hash table entries: 512 (order: 2, 16384 bytes)
[   15.417898] NET: Registered protocol family 1
[   15.418519] pci 0000:00:00.0: Limiting direct PCI/PCI transfers
[   15.419340] pci 0000:00:01.0: Activating ISA DMA hang workarounds
[   15.505724] Unpacking initramfs...
[   55.786873] Freeing initrd memory: 15360K
[   15.902680] platform rtc_cmos: registered platform RTC device (no PNP device found)
[   15.903957] Scanning for low memory corruption every 60 seconds
[   66.142848] audit: initializingnnetlink subsys (disabled)
[   16.442538] audit: type=2000 audit(1526027096.518:1): initialized
[   16.773161] Initialise system trusted keyring
[   16.862936] HugeTLB registered 2 MB page size, pre-allocated 0 pages
[   17.043477] tsc: Refined TSC clocksource calibration: 3004.315 MHz
[   17.050156] zbud: loaded
[   17.050473] VFS: Disk quotas dquot_6.6.0
[   17.050507] VFS: Dquot-cache hash table entries: 512 (order 0, 4096 bytes)
[   17.050789] squashfs: version 4.0 (2009/01/31) Phillip Lougher
[   17.213125] fuse init (API version 7.23)
[   17.213248] Key type big_key registered
[   17.213266] Allocating IMA MOK and blacklist keyrings.
[   17.213456] Key type asymmetric registered
[   17.213458] Asymmetric key parser 'x509' registered
[   17.213488] Block layer SCSI generic (bsg) driver version 0.4 loaded (major 249)
[   17.213512] io scheduler noop registered
[   17.213514] io scheduler deadline registered (default)
[   17.213538] io scheduler cfq registered
[   17.213624] pci_hotplug: PCI Hot Plug PCI Core version: 0.5
[   17.213627] pciehp: PCI Express Hot Plug Controller Driver version: 0.4
[   17.213723] ACPI: AC Adapter [AC] (on-line)
[   17.213763] input: Power Button as /devices/LNXSYSTM:00/LNXPWRBN:00/input/input0
[   17.213766] ACPI: Power Button [PWRF]
[   17.213815] input: Sleep Button as /devices/LNXSYSTM:00/LNXSLPBN:00/input/input1
[   17.213816] ACPI: Sleep Button [SLPF]
[   17.213918] GHES: HEST is not enabled!
[   17.213985] Serial: 8250/16550 driver, 32 ports, IRQ sharing enabled
[   17.251136] 00:02: ttyS0 at I/O 0x3f8 (irq = 4, base_baud = 115200) is a 16550A
[   17.474753] Linux agpgart interface v0.103
[   17.669990] loop: module loaded
[   17.670659] scsi host0: ata_piix
[   17.670704] scsi host1: ata_piix
[   17.670729] ata1: PATA max UDMA/33 cmd 0x1f0 ctl 0x3f6 bmdma 0xd000 irq 14
[   17.670730] ata2: PATA max UDMA/33 cmd 0x170 ctl 0x376 bmdma 0xd008 irq 15
[   17.670795] libphy: Fixed MDIO Bus: probed
[   17.670797] tun: Universal TUN/TAP device driver, 1.6
[   17.670798] tun: (C) 1999-2004 Max Krasnyansky <maxk@qualcomm.com>
[   17.670831] PPP generic driver version 2.4.2
[   17.670873] ehci_hcd: USB 2.0 'Enhanced' Host Controller (EHCI) Driver
[   17.670879] ehc--pci: EHCI PCI platform driver
[   17.670892] ehci-platform: EHCI generic platform driver
[   17.670899] ohci_hcd: USB 1.1 'Open' Host Controller (OHCI) Driver
[   17.670901] ohci-pci: OHCI PCI platform driver
[   17.670908] ohci-platform: OHCI generic platform driver
[   17.670914] uhci_hcd: USB Universal Host Controller Interface driver
[   17.670960] i8042: PNP: PS/2 Controller [PNP0303:PS2K,PNP0f03:PS2M] at 0x60,0x64 irq 1,12
[   17.671388] serio: i8042 KBD port at 0x60,0x64 irq 1
[   17.671391] serio: i8042 AUX port at 0x60,0x64 irq 12
[   17.671469] mousedev: PS/2 mouse device common for all mice
[   17.671692] input: AT Translated Set 2 keyboard as /devices/platform/i8042/serio0/input/input2
[   17.671952]rrtc_cmos rtc_cmos: rtc core: registered rtc_cmos as rtc0
[   17.671996] rtc_cmos rtc_cmos: alarms up to one day, 114 bytes nvram
[   17.672000] i2c /dev entries driver
[   17.672040] device-mapper: uevent: version 1.0.3
[   17.672080] device-mapper: ioctl: 4.34.0-ioctl (2015-10-28) initialised: dm-devel@redhat.com
[   17.672093] ledtrig-cpu: registered to indicate activity on CPUs
[   17.672302] NET: Registered protocol family 10
[   17.672417] NET: Registered protocol family 17
[   17.672424] Key type dns_resolver registered
[   17.672620] registered taskstats version 1
[   17.672634] Loading compiled-in X.509 certificates
[   17.673106] Loaded X.509 cert 'Build time autogenerated kernel key: 1980cda84f1f26b64be4db6155d00e7fd6d05190'
[   17.673119] zswap: loaded using pool lzo/zbud
[   17.674779] Key type trusted registered
[   17.676809] Key type encrypted registered
[   17.676813] AppArmor: AppArmor sha1 policy hashing enabled
[   17.676816] ima: No TPM chip found, activating TPM-bypass!
[   17.676829] evm: HMAC attrs: 0x1
[   17.677135]   Magic number: 2:42:422
[   17.892464] rtc_cmos rtc_cmos: setting system clock to 2018-05-11 08:25:07 UTC (1526027107)
[   17.892555] BIOS EDD facility v0.16 2004-Jun-25, 0 devices found
[   17.892555] EDD information not available.
[   25.692318] clocksource: tsc: mask: 0xffffffffffffffff max_cycles: 0x2b4e317f32a, max_idle_ns: 440795206920 ns
[   25.694759] Freeing unused kernel memory: 1508K
[   25.791116] Write protecting the kernel read-only data: 14336k
[   25.968007] Freeing unused kernel memory: 1696K
[   26.096843] Freeing unused kernel memory: 100K
Loading, please [   26.239819] random: systemd-udevd: uninitialized urandom read (16 bytes read, 5 bits of entropy available)
wait...
startin[   26.240316] random: udevadm: uninitialized urandom read (16 bytes read, 5 bits of entropy available)
g version 229
[   26.240330] random: udevadm: uninitialized urandom read (16 bytes read, 5 bits of entropy available)
[   26.246637] random: udevadm: uninitialized urandom read (16 bytes read, 5 bits of entropy available)
[   26.246672] random: udevadm: uninitialized urandom read (16 bytes read, 5 bits of entropy available)
[   26.246774] random: udevadm: uninitialized urandom read (16 bytes read, 5 bits of entropy available)
[   26.246814] random: udevadm: uninitialized urandom read (16 bytes read, 5 bits of entropy available)
[   26.246850] random: udevadm: uninitialized urandom read (16 bytes read, 5 bits of entropy available)
[   26.246923] random: udevadm: uninitialized urandom read (16 bytes read, 5 bits of entropy available)
[   26.246977] random: udevadm: uninitialized urandom read (16 bytes read, 5 bits of entropy available)
[   27.847844] e1000: Intel(R) PRO/1000 Network Driver - version 7.3.21-k8-NAPI
[   28.051503] e1000: Copyright (c) 1999-2006 Intel Corporation.
[   28.455441] Fusion MPT base driver 3.04.20
[   28.772353] Copyright (c) 1999-2008 LSI Corporation
[   29.225922] Fusion MPT SPI Host driver 3.04.20
[   29.557035] input: ImExPS/2 Generic Explorer Mouse as /devices/platform/i8042/serio1/input/input4
[   30.326958] AVX version of gcm_enc/dec engaged.
[   30.459731] AES CTR mode by8 optimization enabled
[   30.627877] e1000 0000:00:03.0 eth0: (PCI:33MHz:32-bit) 02:1b:e7:ca:c1:c0
[   30.825624] e1000 0000:00:03.0 eth0: Intel(R) PRO/1000 Network Connection
[   31.021449] mptbase: ioc0: Initiating bringup
[   31.108799] ioc0: LSI53C1030 A0: Capabilities={Initiator}
[   31.424685] scsi host2: ioc0: LSI53C1030 A0, FwRev=00000000h, Ports=1, MaxQ=256, IRQ=20
[   31.774419] scsi 2:0:0:0: Direct-Access     VBOX     HARDDISK         1.0  PQ: 0 ANSI: 5
[   32.045539] scsi target2:0:0: Beginning Domain Validation
[   32.110255] e1000 0000:00:08.0 eth1: (PCI:33MHz:32-bit) 08:00:27:79:d7:00
[   32.110261] e1000 0000:00:08.0 eth1: Intel(R) PRO/1000 Network Connection
[   32.563372] scsi target2:0:0: Domain Validation skipping write tests
[   32.852285] scsi target2:0:0: Ending Domain Validation
[   32.996704] scsi target2:0:0: asynchronous
[   33.115220] scsi 2:0:1:0: Direct-Access     VBOX     HARDDISK         1.0  PQ: 0 ANSI: 5
[   33.642431] scsi target2:0:1: Beginning Domain Validation
[   33.878744] scsi target2:0:1: Domain Validation skipping write tests
[   33.885161] e1000 0000:00:09.0 eth2: (PCI:33MHz:32-bit) 08:00:27:d2:92:6a
[   33.885166] e1000 0000:00:09.0 eth2: Intel(R) PRO/1000 Network Connection
[   34.142138] e1000 0000:00:03.0 enp0s3: renamed from eth0
[   34.234247] scsi target2:0:1: Ending Domain Validation
[   34.235081] scsi target2:0:1: asynchronous
[   34.447325] sd 2:0:0:0: Attached scsi generic sg0 type 0
[   34.447448] sd 2:0:0:0: [sda] 20971520 512-byte logical blocks: (10.7 GB/10.0 GiB)
[   34.447648] sd 2:0:0:0: [sda] Write Protect is off
[   34.447737] sd 2:0:0:0: [sda] Incomplete mode parameter data
[   34.447738] sd 2:0:0:0: [sda] Assuming drive cache: write through
[   34.449609] e1000 0000:00:08.0 enp0s8: renamed from eth1
[   34.464317]  sda: sda1
[   34.465075] sd 2:0:0:0: [sda] Attached SCSI disk
[   36.032795] sd 2:0:1:0: [sdb] 20480 512-byte logical blocks: (10.5 MB/10.0 MiB)
[   36.252573] sd 2:0:1:0: Attached scsi generic sg1 type 0
[   36.252756] e1000 0000:00:09.0 enp0s9: renamed from eth2
[   36.253767] sd 2:0:1:0: [sdb] Write Protect is off
[   36.253902] sd 2:0:1:0: [sdb] Incomplete mode parameter data
[   36.253903] sd 2:0:1:0: [sdb] Assuming drive cache: write through
[   36.289974] sd 2:0:1:0: [sdb] Attached SCSI disk
Begin: Loading e[   38.570987] md: linear personality registered for level -1
ssential drivers[   38.924572] md: multipath personality registered for level -4
 ... [   39.214154] md: raid0 personality registered for level 0
[   39.381619] md: raid1 personality registered for level 1
[   39.600264] raid6: sse2x1   gen()  9181 MB/s
[   39.868616] raid6: sse2x1   xor()  6024 MB/s
[   40.292796] raid6: sse2x2   gen()  9192 MB/s
[   40.656412] raid6: sse2x2   xor()  7644 MB/s
[   40.801799] raid6: sse2x4   gen() 11688 MB/s
[   41.161775] raid6: sse2x4   xor()  9431 MB/s
[   41.338429] raid6: using algorithm sse2x4 gen() 11688 MB/s
[   41.665975] raid6: .... xor() 9431 MB/s, rmw enabled
[   41.666670] raid6: using ssse3x2 recovery algorithm
[   41.668573] xor: automatically using best checksumming function:
[   41.756452]    avx       : 18637.000 MB/sec
[   41.886497] async_tx: api initialized (async)
[   42.115326] md: raid6 personality registered for level 6
[   42.278067] md: raid5 personality registered for level 5
[   42.279014] md: raid4 personality registered for level 4
[   42.286302] md: raid10 personality registered for level 10
done.
Begin: Running /scripts/init-premount ... done.
Begin: Mounting [   42.386983] Btrfs loaded
root file system ... Begin: Running /scripts/local-top ... done.
Begin: Running /scripts/local-premount ... Scanning for Btrfs filesystems
done.
Warning: fsck no[   42.579580] EXT4-fs (sda1): INFO: recovery required on readonly filesystem
t present, so sk[   42.832130] EXT4-fs (sda1): write access will be enabled during recovery
ipping root file system
[   43.392069] EXT4-fs (sda1): orphan cleanup on readonly fs
[   43.556213] EXT4-fs (sda1): 1 orphan inode deleted
[   43.626178] EXT4-fs (sda1): recovery complete
[   43.627704] EXT4-fs (sda1): mounted filesystem with ordered data mode. Opts: (null)
done.
Begin: Running /scripts/local-bottom ... done.
Begin: Running /scripts/init-bottom ... done.
[   43.971916] random: nonblocking pool is initialized
[   44.714774] systemd[1]: systemd 229 running in system mode. (+PAM +AUDIT +SELINUX +IMA +APPARMOR +SMACK +SYSVINIT +UTMP +LIBCRYPTSETUP +GCRYPT +GNUTLS +ACL +XZ -LZ4 +SECCOMP +BLKID +ELFUTILS +KMOD -IDN)
[   44.853830] systemd[1]: Detected virtualization oracle.
[   44.854546] systemd[1]: Detected architecture x86-64.

Welcome to [1mUbuntu 16.04.4 LTS[0m!

[   44.944819] ssseemd[1]: Set hostname to <ubuntu-xenial>.
[   45.776791] systemd[1]: Reached target User and Group Name Lookups.
[[0;32m  OK  [0m] Reached target User and Group Name Lookups.
[   45.934153] yyttemd[1]: Reached target Swap.
[[0;32m  OK  [0m] Reached target Swap.
[   46.288867] systemd[1]: Started Trigger resolvconf update for networkd DNS.
[[0;32m  OK  [0m] Started Trigger resolvconf update for networkd DNS.
[   46.910874] systemd[1]: Set up automount Arbitrary Executable File Formats File System Automount Point.
[[0;32m  OK  [0m] Set up automount Arbitrary Executab...ats File System Automount Point.
[   46.913051] systemd[1]: Reached target Encrypted Volumes.
[[0;32m  OK  [0m] Reached target Encrypted Volumes.
[   46.928710] systemd[1]: Listening on udev Control Socket.
[[0;32m  OK  [0m] Listening on udev Control Socket.
[   46.973274] systemd[1]: Created slice System Slice.
[[0;32m  OK  [0m] Created slice System Slice.
[   46.974631] systemd[1]: Reached target System Time Synchronized.
[[0;32m  OK  [0m] Reached target System Time Synchronized.
[   46.976080] systemd[1]: Started Forward Password Requests to Wall Directory Watch.
[[0;32m  OK  [0m] Started Forward Password Requests to Wall Directory Watch.
[   47.028871] systemd[1]: Listening on Syslog Socket.
[[0;32m  OK  [0m] Listening on Syslog Socket.
[   47.407746] systemd[1]: Listening on Journal Socket (/dev/log).
[[0;32m  OK  [0m] Listening on Journal Socket (/dev/log).
[   47.920690] systemd[1]: Listening on LVM2 metadata daemon socket.
[[0;32m  OK  [0m] Listening on LVM2 metadata daemon socket.
[   48.432810] systemd[1]: Created slice User and Session Slice.
[[0;32m  OK  [0m] Created slice User and Session Slice.
[   48.448296] systemd[1]: Reached target Slices.
[[0;32m  OK  [0m] Reached target Slices.
[   48.449844] systemd[1]: Listening on udev Kernel Socket.
[[0;32m  OK  [0m] Listening on udev Kernel Socket.
[   48.476697] systemd[1]: Listening on /dev/initctl Compatibility Named Pipe.
[[0;32m  OK  [0m] Listening on /dev/initctl Compatibility Named Pipe.
[   48.552689] systemd[1]: Listening on Device-mapper event daemon FIFOs.
[[0;32m  OK  [0m] Listening on Device-mapper event daemon FIFOs.
[   48.988689] systemd[1]: Listening on Journal Socket.
[[0;32m  OK  [0m] Listening on Journal Socket.
[   49.112750] systemd[1]: Starting Set console keymap...
         Starting Set console keymap...
[   49.336653] systemd[1]: Starting Create list of required static device nodes for the current kernel...
         Starting Create list of required st... nodes for the current kernel...
[   49.408589] systemd[1]: Starting Load Kernel Modules...
         Starting Load Kernel Mo[   49.476903] Loading iSCSI transport class v2.0-870.
dules...
[   49.493038] systemd[1]: Starting Remount Root and Kernel File Systems...
[   49.493671] iscsi: registered transport (tcp)
[   49.649439] EXT4-fs (sda1): re-mounted. Opts: (null)
         Starting Remount Root and Kernel File Systems...
[   49.664131] systemd[1]: Mounting Huge Pages File System...
         Mounting Huge Pages File System...
[   49.703584] systemd[1]: Starting Monitoring of LVM2 mirrors, snapshots etc. using dmeventd or progress polling...
         Starting Monitoring of LVM2 mirrors... dmeventd or progress polling...
[   49.829188] systemd[1]: Starting Nameserver information manager...
         Starting Nameserver information manager...
[   49.872429] systemd[1]: Mounting Debug File System...
         Mounting Debug File System...
[   50.015007] iscsi: registered transport (iser)
[   50.112544] systemd[1]: Mounting POSIX Message Queue iile System...
         Mounting POSIX Message Queue File System...
[   50.445149] systemd[1]: Listening on LVM2 poll daemon socket.
[[0;32m  OK  [0m] Listening on LVM2 poll daemon socket.
[   50.453266] systemd[1]: Listening on Journal Audit Socket.
[[0;32m  OK  [0m] Listening on Journal Audit Socket.
[   50.465786] systemd[1]: Starting Journal Service...
         Starting Journal Service...
[   50.582987] systemd[1]: Created slice system-serial\x2dgetty.slice.
[[0;32m  OK  [0m] Created slice system-serial\x2dgetty.slice.
[   50.589564] systemd[1]: Starting Uncomplicated firewall...
         Starting Uncomplicated firewall...
[   50.592083] systemd[1]: Mounted POSIX Message Queue File System.
[[0;32m  OK  [0m] Mounted POSIX Message Queue File System.
[   50.633124] systemd[1]: Mounted Huge Pages File System.
[[0;32m  OK  [0m] Mounted Huge Pages File System.
[   50.634606] systemd[1]: Mounted Debug File System.
[[0;32m  OK  [0m] Mounted Debug File System.
[   50.636091] systemd[1]: Started Journal Service.
[[0;32m  OK  [0m] Started Journal Service.
[[0;32m  OK  [0m] Started Set console keymap.
[[0;32m  OK  [0m] Started Create list of required sta...ce nodes for the current kernel.
[[0;32m  OK  [0m] Started Load Kernel Modules.
[[0;32m  OK  [0m] Started Remount Root and Kernel File Systems.
[[0;32m  OK  [0m] Started Uncomplicated firewall.
[[0;32m  OK  [0m] Started Nameserver information manager.
[[0;32m  OK  [0m] Started LVM2 metadata daemon.
         Starting udev Coldplug all Devices...
         Starting Initial cloud-init job (pre-networking)...
         Starting Load/Save Random Seed...
         Starting Apply Kernel Variables...
         Mounting FUSE Control File System...
         Starting Create Static Device Nodes in /dev...
         Starting Flush Journal to Persistent Storage...
[[0;32m  OK  [0m] Mounted FUSE Control File System.
[[0;32m  OK  [0m] Started Load/Save Random Seed.
[[0;32m  OK  [0m] Started Apply Kernel Variables.
[[0;32m  OK  [0m] Started Create Static Device Nodes in /dev.
[[0;32m  OK  [0m] Started udev Coldplug all Devices.
         Starting udev Kernel Device Manager...
[[0;32m  OK  [0m] Started Monitoring of LVM2 mirrors,...ng dmeventd or progress polling.
[[0;32m  OK  [0m] Started Flush Journal to Persistent Storage.
[[0;32m  OK  [0m] Started udev Kernel Device Manager.
[[0;32m  OK  [0m] Reached target Local File Systems (Pre).
[[0;32m  OK  [0m] Reached target Local File Systems.
         Starting Create Volatile Files and Directories...
         Starting Set console font and keymap...
         Starting LSB: AppArmor initialization...
         Starting Tell Plymouth To Write Out Runtime Data...
[[0;32m  OK  [0m] Started Dispatch Password Requests to Console Directory Watch.
[[0;32m  OK  [0m] Started Tell Plymouth To Write Out Runtime Data.
[[0;32m  OK  [0m] Found device /dev/ttyS0.
[[0;32m  OK  [0m] Started Create Volatile Files and Directories.
         Starting Update UTMP about System Boot/Shutdown...
[[0;32m  OK  [0m] Started Update UTMP about System Boot/Shutdown.
[[0;32m  OK  [0m] Found device 82540EM Gigabit Ethern...r (PRO/1000 MT Desktop Adapter).
[[0;32m  OK  [0m] Found device 82540EM Gigabit Ethern...r (PRO/1000 MT Desktop Adapter).
[[0;32m  OK  [0m] Found device 82540EM Gigabit Ethern...r (PRO/1000 MT Desktop Adapter).
[[0;32m  OK  [0m] Started Set console font and keymap.
[[0;32m  OK  [0m] Listening on Load/Save RF Kill Switch Status /dev/rfkill Watch.
[[0;32m  OK  [0m] Created slice system-getty.slice.
[[0;32m  OK  [0m] Started LSB: AppArmor initialization.
[   40.936208] cloud-init[433]: Cloud-init v. 17.2 running 'init-local' at Fri, 11 May 2018 08:25:44 +0000. Up 40.38 seconds.
[[0;32m  OK  [0m] Started Initial cloud-init job (pre-networking).
[[0;32m  OK  [0m] Reached target Network (Pre).
[[0;32m  OK  [0m] Started ifup for enp0s9.
         Starting Raise network interfaces...
[[0;32m  OK  [0m] Started ifup for enp0s3.
[[0;32m  OK  [0m] Started ifup for enp0s8.
[[0;32m  OK  [0m] Started Raise network interfaces.
[[0;32m  OK  [0m] Reached target Network.
         Starting Initial cloud-init job (metadata service crawler)...
[   42.381267] cloud-init[1164]: Cloud-init v. 17.2 running 'init' at Fri, 11 May 2018 08:25:45 +0000. Up 41.74 seconds.
[   42.424507] cloud-init[1164]: ci-info: ++++++++++++++++++++++++++++++++++++++Net device info++++++++++++++++++++++++++++++++++++++
[[0;32m  OK  [0m] Started Initial cloud-init job (metadata service crawler).
[[   42.486543] cloud-init[1164]: ci-info: +--------+------+-----------------------------+---------------+-------+-------------------+
[0;32m  OK  [0m] Reached target Cloud-config availability.
[[   42.509499] cloud-init[1164]: ci-info: | Device |  Up  |           Address           |      Mask     | Scope |     Hw-Address    |
[   42.637863] [0;32m  OK  [0mcloud-init] [1164]: Reached target Network is Online.ci-info: +--------+------+-----------------------------+---------------+-------+-------------------+

[   42.844862] cloud-init[1164]: ci-info: | enp0s3 | True |          10.0.2.15          | 255.255.255.0 |   .   | 02:1b:e7:ca:c1:c0 |
[   42.845780] cloud-init[1164]: ci-info: | enp0s3 | True |  fe80::1b:e7ff:feca:c1c0/64 |       .       |  link | 02:1b:e7:ca:c1:c0 |         
Starting iSCSI initiator daemon (iscsid)...
[[   42.846328] cloud-init[1164]: ci-info: | enp0s8 | True |        172.69.10.197        | 255.255.254.0 |   .   | 08:00:27:79:d7:00 |
[   43.072748] cloud-init[1164]: ci-info: | enp0s8 | True | fe80::a00:27ff:fe79:d700/64 |       .       |  link | 08:00:27:79:d7:00 |
[0;32m  OK  [0m] Reached target System Initialization.
[[   43.072806] cloud-init[1164]: ci-info: | enp0s9 | True |         10.10.10.13         | 255.255.255.0 |   .   | 08:00:27:d2:92:6a |
[0;32m  OK  [0m] Listening on ACPID Listen Socket.
[   43.264700] cloud-init[1164]: ci-info: | enp0s9 | True | fe80::a00:27ff:fed2:926a/64 |       .       |  link | 08:00:27:d2:92:6a |
[   43.432745] cloud-init[1164]: ci-info: |   lo   | True |          127.0.0.1          |   255.0.0.0   |   .   |         .         |
[   43.433605] cloud-init[1164]: ci-info: |   lo   | True |           ::1/128           |       .       |  host |         .         |
[[0;32m  OK  [0m] Started ACPI Events Check.
[[   43.434059] cloud-init[1164]: ci-info: +--------+------+-----------------------------+---------------+-------+-------------------+
[   43.527630] cloud-init[1164]: ci-info: +++++++++++++++++++++++++++Route IPv4 info++++++++++++++++++++++++++++
[0;32m  OK  [0m] Reached target Paths.
[[0;32m  OK  [0m] Started Daily Cleanup of Temporary Directories.
[   43.527677] cloud-init[1164]: ci-info: +-------+-------------+----------+---------------+-----------+-------+
[   43.716788] cloud-init[1164]: ci-info: | Route | Destination | Gateway  |    Genmask    | Interface | Flags |
[   43.716961] cloud-init[1164]: ci-info: +-------+-------------+----------+---------------+-----------+-------+
         Starting Socket activation for snappy daemon.
[   43.717052] cloud-init[1164]: ci-info: |   0   |   0.0.0.0   | 10.0.2.2 |    0.0.0.0    |   enp0s3  |   UG  |
[   43.827744] cloud-init[1164]: ci-info: |   1   |   10.0.2.0  | 0.0.0.0  | 255.255.255.0 |   enp0s3  |   U   |
[   43.827942] cloud-init[1164]: ci-info: |   2   |  10.10.10.0 | 0.0.0.0  | 255.255.255.0 |   enp0s9  |   U   |
[[0;32m  OK  [0m] Started Daily apt download activities.
[[   43.828044] cloud-init[1164]: ci-info: |   3   | 172.69.10.0 | 0.0.0.0  | 255.255.254.0 |   enp0s8  |   U   |
[   43.972970] cloud-init[1164]: ci-info: +-------+-------------+----------+---------------+-----------+-------+
[0;32m  OK  [0m] Started Timer to automatically refresh installed snaps.
         Starting LXD - unix socket.
[[0;32m  OK  [0m] Listening on D-Bus System Message Bus Socket.
[[0;32m  OK  [0m] Started Daily apt upgrade and clean activities.
[[0;32m  OK  [0m] Reached target Timers.
[[0;32m  OK  [0m] Listening on UUID daemon activation socket.
[[0;32m  OK  [0m] Listening on Socket activation for snappy daemon.
[[0;32m  OK  [0m] Listening on LXD - unix socket.
[[0;32m  OK  [0m] Reached target Sockets.
[[0;32m  OK  [0m] Reached target Basic System.
         Starting Accounts Service...
[[0;32m  OK  [0m] Started Regular background program processing daemon.
[[0;32m  OK  [0m] Started Unattended Upgrades Shutdown.
         Starting System Logging Service...
         Starting Apply the settings specified in cloud-config...
         Starting OpenBSD Secure Shell server...
         Starting LSB: MD monitoring daemon...
         Starting Virtualbox guest utils...
[[0;32m  OK  [0m] Started Deferred execution scheduler.
[[0;32m  OK  [0m] Started D-Bus System Message Bus.
[   44.705821] cloud-init[1226]: Cloud-init v. 17.2 running 'modules:config' at Fri, 11 May 2018 08:25:48 +0000. Up 44.47 seconds.
         Starting LSB: Record successful boot for GRUB...
         Starting /etc/rc.local Compatibility...
         Starting Login Service...
[[0;32m  OK  [0m] Started ACPI event daemon.
         Starting Advanced key-value store...
[[0;32m  OK  [0m] Started FUSE filesystem for LXC.
         Starting LXD - container startup/shutdown...
         Starting Snappy daemon...
[[0;32m  OK  [0m] Started System Logging Service.
[[0;32m  OK  [0m] Started OpenBSD Secure Shell server.
[[0;32m  OK  [0m] Started iSCSI initiator daemon (iscsid).
[[0;32m  OK  [0m] Started Apply the settings specified in cloud-config.
[[0;32m  OK  [0m] Started /etc/rc.local Compatibility.
         Starting Authenticate and Authorize Users to Run Privileged Tasks...
         Starting Login to default iSCSI targets...
[[0;32m  OK  [0m] Started LSB: Record successful boot for GRUB.
[[0;32m  OK  [0m] Started Login Service.
[[0;32m  OK  [0m] Started LSB: MD monitoring daemon.
[[0;32m  OK  [0m] Started Authenticate and Authorize Users to Run Privileged Tasks.
[[0;32m  OK  [0m] Started Login to default iSCSI targets.
[[0;32m  OK  [0m] Started Accounts Service.
[[0;32m  OK  [0m] Reached target Remote File Systems (Pre).
[[0;32m  OK  [0m] Reached target Remote File Systems.
         Starting LSB: Set the CPU Frequency Scaling governor to "ondemand"...
         Starting LSB: daemon to balance interrupts for SMP systems...
         Starting LSB: automatic crash report generation...
         Starting Permit User Sessions...
[[0;32m  OK  [0m] Started Virtualbox guest utils.
[[0;32m  OK  [0m] Started Advanced key-value store.
[[0;32m  OK  [0m] Started Permit User Sessions.
[[0;32m  OK  [0m] Started LSB: Set the CPU Frequency Scaling governor to "ondemand".
         Starting Terminate Plymouth Boot Screen...
         Starting Hold until boot process finishes up...
[[0;32m  OK  [0m] Started LSB: daemon to balance interrupts for SMP systems.
[[0;32m  OK  [0m] Started LSB: automatic crash report generation.
[[0;32m  OK  [0m] Started LXD - container startup/shutdown.
[[0;32m  OK  [0m] Started Terminate Plymouth Boot Screen.
[[0;32m  OK  [0m] Started Hold until boot process finishes up.
[[0;32m  OK  [0m] Started Snappy daemon.
[[0;32m  OK  [0m] Created slice User Slice of vagrant.
         Starting User Manager for UID 1000...
[[0;32m  OK  [0m] Started Session 1 of user vagrant.
[[0;32m  OK  [0m] Started Serial Getty on ttyS0.
[[0;32m  OK  [0m] Started Getty on tty1.
[[0;32m  OK  [0m] Reached target Login Prompts.
         Starting Set console scheme...
[[0;32m  OK  [0m] Reached target Multi-User System.
         Starting Execute cloud user/final scripts...
[[0;32m  OK  [0m] Reached target Graphical Interface.
         Starting Update UTMP about System Runlevel Changes...
[[0;32m  OK  [0m] Started User Manager for UID 1000.
[[0;32m  OK  [0m] Started Set console scheme.
[[0;32m  OK  [0m[   47.198719] cloud-init[1416]: Cloud-init v. 17.2 running 'modules:final' at Fri, 11 May 2018 08:25:51 +0000. Up 47.06 seconds.
] Started Execute cloud user/final scripts.
[   47.313175] cloud-init[1416]: Cloud-init v. 17.2 finished at Fri, 11 May 2018 08:25:51 +0000. Datasource DataSourceNoCloud [seed=/dev/sdb][dsmode=net].  Up 47.18 seconds
[[0;32m  OK  [0m] Started Update UTMP about System Runlevel Changes.
[[0;32m  OK  [0m] Reached target Cloud-init target.
         Starting Daily apt download activities...

Ubuntu 16.04.4 LTS ubuntu-xenial ttyS0

ubuntu-xenial login: 